✔ inherited receipts, bytes and four spent slots survive relocation; incomplete is read-only (93.176667ms)
✔ changed source/predecessor pins and missing or altered inherited records fail closed (9.000625ms)
✔ one writer, immutable reservations before output and no refund on reopen (195.365667ms)
✔ derivative and static limits count historical reservations even after writer restart (419.216917ms)
✔ aliases, collisions and occupied files cannot be published or silently counted (251.1325ms)
✔ case-variant output cannot impersonate an exact-path reservation (111.65ms)
✔ changed donor and protected-pixel edits reject exact RGBA witnesses (0.565958ms)
✔ interrupted lock and pending write block new spending (154.006167ms)
✔ actual inherited fixed pixels and alpha remain exactly pinned (176.222542ms)
✔ retained cropped-head derivative is rejected; face/chin and cheek boundary are protected (94.532667ms)
✔ supplied pose sequence replaces without ghosting or neutral-silhouette clipping and returns exactly (535.117709ms)
✔ pose sequences reject missing neutral return, invalid timing, misregistration, rejection and ambiguous controls (1.304167ms)
✔ pose sequence frame output still verifies every source pin before claiming output (14.979958ms)
✔ rejects unsafe range endpoints and invocations above the 300-frame bound (0.423166ms)
✔ renders actual importer descriptors at exact unit and nonunit placements for every component (16.128417ms)
✔ renders real importer scenery-only static and moving environments without stretching or dummy controls (12.465667ms)
✔ uses absolute section state across a split join and reaps only cancelled chunk outputs (312.2225ms)
✔ renders imported transparent three-plane pixels with opaque backing and fixed foreground (5.539792ms)
✔ derives exact far-to-near pixels independent of plane order and keeps the near feature faster (2.533291ms)
✔ preserves absolute blink, breathing, head, steam, and foreground pixels across a scenery-section activation (8.960458ms)
✔ rejects mismatched supplied section overlap before claiming output (3.887667ms)
✔ rejects every selected rejected scenery dependency before creating output (1.192ms)
✔ uses actual importer mask representations for exact head selection and alpha occlusion coverage (10.047834ms)
✔ effect-only static source preserves the finished composition and recorded foreground occlusion (2.4365ms)
✔ steam follows its transformed subject source while the production foreground remains on top (11.658833ms)
✔ bounded PNG rendering yields between frames without changing pixels or absolute time (18.577583ms)
✔ asynchronous cancellation stops before the next PNG and removes only owned output (5.439458ms)
✔ cancellation on the last frame yield wins before receipt publication (4.806666ms)
✔ VG2 breathing control has independently neutral endpoints, interior motion and bounded absolute travel (245.965959ms)
✔ rejects duplicate subject controls and keeps every admitted state inside declared bounds (3.837833ms)
✔ rejects malformed production descriptors and unsupported face controls (0.796459ms)
✔ rejects matching-digest artifact links and linked roots before creating output (4.771292ms)
✔ transparent depth overlays never establish opaque trajectory coverage (3.220875ms)
✔ admits full-length 30 fps camera trajectories without constructing frame batches (39.9785ms)
✔ rejects malformed supplied camera integers and unsafe trajectory arithmetic (0.361292ms)
✔ rejects late full-trajectory gaps, shutter-boundary gaps, and incompatible resume receipts (8.68125ms)
✔ admits real importer source sections with absolute world placement and deterministic handoff state (2.17425ms)
✔ derives canonical far-to-near order and faster near travel independent of request order (0.314541ms)
✔ requires and verifies complete receipt state at a source-section boundary (5.65175ms)
✔ admits scenery-only static chunks but rejects uncovered moving ranges (0.815084ms)
✔ rejected scenery dependencies fail pure admission for every authoritative component kind (0.676792ms)
✔ sRGB and Rec709 published breakpoints and mid-grey differ (0.761042ms)
✔ all 8-bit values round-trip within the frozen transport quantization bound (0.15175ms)
✔ blindly tagging sRGB as Rec709 fails the patch limit (0.070875ms)
✔ explicit conversion preserves alpha and does not mutate original pixels (0.667042ms)
✔ fresh supervision regressions dispatch only data spies (155.155875ms)
✔ supplied resting and open hand contours fail the old clipped masks and survive repair (447.657292ms)
✔ cuff clears the old orphan hand outline; valid sleeve pixels no longer get cut by the diagonal matte (796.883167ms)
✔ hand and cuff share the corrected wave scale and wrist attachment; hand stays above the cuff (0.303958ms)
✔ the supplied warm dark hand outline survives instead of being mistaken for cuff fabric (392.988208ms)
✔ the old hard backing tail is replaced by exact cabin pixels while planted contact survives (726.691625ms)
✔ repair preserves historical counts, rejects raised caps and never admits image/media operations (998.538542ms)
✔ reserved outputs are exclusive, confined and still consumed after reopening (667.377625ms)
✔ endpoint normalization preserves RGB, intermediate edge alpha, dimensions and input (1.074208ms)
✔ translucent fabric fails; endpoint derivative passes without permitting opaque RGB edits (94.200417ms)
✔ PNG CRC implementation matches the standard check vector (0.6455ms)
✔ metadata correction preserves every compressed image byte and raw code value (4.047375ms)
✔ old sRGB transport and contradictory colour declarations fail (1.209292ms)
✔ damaged, truncated and trailing PNG bytes are rejected (0.319333ms)
✔ installed filter regression and supervision run without native media tools (135.776917ms)
✔ standalone wave controls, invalid inputs and data-only process limits pass their nine checks (65.762666ms)
✔ all 150 reopened frames retain complete joint regions, sleeve corridors, UVs and neutral return (178.882583ms)
✔ actual initial cuff seam fails the unchanged full attachment test (4.258959ms)
✔ moving cuff away from forearm is rejected even when its wrist-entry pixels remain intact (0.244667ms)
✔ clipping a sleeve cross-section fails rather than passing pivot-centre witnesses (1.056292ms)
✔ flipped mesh and moving UVs fail (7.3865ms)
✔ an altered neutral return cannot pass unchanged geometric checks (67.63175ms)
✔ static articulated poses keep identical limb lengths, shoulder and scale (1.420292ms)
✔ unsupported articulation and extra hand states reject rather than extrapolate (0.541583ms)
✔ admitted colour cleanup removes pink donor contamination but preserves emerald and leopard RGB (0.681209ms)
✔ static admission rejects holes, protected-pixel drift, stretched limbs and fabricated approval (6.158333ms)
✔ readiness cannot become approval or point to unbound or stale records (0.942041ms)
✔ registered extraction anchors stay inside each explicit crop (0.092667ms)
✔ real failed sRGB media and previous encode packet are rejected by corrected guards (155.712708ms)
✔ metadata repair retains the proven numeric transfer conversion (1.109875ms)
✔ the full authored hand/wrist/cuff bridge survives; a slit missed by joint-centre checks is rejected (48.90825ms)
✔ generated green fabric is behind the existing sleeve, while wrist and cuff are drawn exactly once (36.263ms)
✔ transparent input margins are real alpha; supplied generated files remain hash-bound (60.87325ms)
✔ only faint generated edge pixels can be confined; meaningful out-of-support art fails (0.789041ms)
✔ the full cuff boundary has sleeve support in all four poses, including the real v2 gap witnesses (1224.410917ms)
✔ the exported front and overlap PNGs retain their registered canvas and source coverage (102.525208ms)
ℹ tests 81
ℹ suites 0
ℹ pass 81
ℹ fail 0
ℹ cancelled 0
ℹ skipped 0
ℹ todo 0
ℹ duration_ms 4231.831
