✔ inherited receipts, bytes and four spent slots survive relocation; incomplete is read-only (90.967459ms)
✔ changed source/predecessor pins and missing or altered inherited records fail closed (9.417833ms)
✔ one writer, immutable reservations before output and no refund on reopen (199.756042ms)
✔ derivative and static limits count historical reservations even after writer restart (424.352666ms)
✔ aliases, collisions and occupied files cannot be published or silently counted (255.511375ms)
✔ case-variant output cannot impersonate an exact-path reservation (111.743792ms)
✔ changed donor and protected-pixel edits reject exact RGBA witnesses (0.609167ms)
✔ interrupted lock and pending write block new spending (156.884958ms)
✔ actual inherited fixed pixels and alpha remain exactly pinned (201.690625ms)
✔ retained cropped-head derivative is rejected; face/chin and cheek boundary are protected (90.70425ms)
✔ supplied pose sequence replaces without ghosting or neutral-silhouette clipping and returns exactly (528.274291ms)
✔ pose sequences reject missing neutral return, invalid timing, misregistration, rejection and ambiguous controls (1.290875ms)
✔ pose sequence frame output still verifies every source pin before claiming output (10.45725ms)
✔ rejects unsafe range endpoints and invocations above the 300-frame bound (0.415125ms)
✔ renders actual importer descriptors at exact unit and nonunit placements for every component (19.813ms)
✔ renders real importer scenery-only static and moving environments without stretching or dummy controls (7.145875ms)
✔ uses absolute section state across a split join and reaps only cancelled chunk outputs (320.61225ms)
✔ renders imported transparent three-plane pixels with opaque backing and fixed foreground (5.74925ms)
✔ derives exact far-to-near pixels independent of plane order and keeps the near feature faster (2.608417ms)
✔ preserves absolute blink, breathing, head, steam, and foreground pixels across a scenery-section activation (9.494458ms)
✔ rejects mismatched supplied section overlap before claiming output (4.319042ms)
✔ rejects every selected rejected scenery dependency before creating output (1.161042ms)
✔ uses actual importer mask representations for exact head selection and alpha occlusion coverage (9.63425ms)
✔ effect-only static source preserves the finished composition and recorded foreground occlusion (2.353833ms)
✔ steam follows its transformed subject source while the production foreground remains on top (11.891875ms)
✔ bounded PNG rendering yields between frames without changing pixels or absolute time (20.258292ms)
✔ asynchronous cancellation stops before the next PNG and removes only owned output (5.666916ms)
✔ cancellation on the last frame yield wins before receipt publication (5.125291ms)
✔ VG2 breathing control has independently neutral endpoints, interior motion and bounded absolute travel (244.189125ms)
✔ rejects duplicate subject controls and keeps every admitted state inside declared bounds (3.499834ms)
✔ rejects malformed production descriptors and unsupported face controls (0.674834ms)
✔ rejects matching-digest artifact links and linked roots before creating output (3.465792ms)
✔ transparent depth overlays never establish opaque trajectory coverage (2.941708ms)
✔ admits full-length 30 fps camera trajectories without constructing frame batches (42.455625ms)
✔ rejects malformed supplied camera integers and unsafe trajectory arithmetic (0.459542ms)
✔ rejects late full-trajectory gaps, shutter-boundary gaps, and incompatible resume receipts (9.435291ms)
✔ admits real importer source sections with absolute world placement and deterministic handoff state (2.136625ms)
✔ derives canonical far-to-near order and faster near travel independent of request order (0.4215ms)
✔ requires and verifies complete receipt state at a source-section boundary (5.680125ms)
✔ admits scenery-only static chunks but rejects uncovered moving ranges (0.590042ms)
✔ rejected scenery dependencies fail pure admission for every authoritative component kind (0.365958ms)
✔ sRGB and Rec709 published breakpoints and mid-grey differ (0.696875ms)
✔ all 8-bit values round-trip within the frozen transport quantization bound (0.151375ms)
✔ blindly tagging sRGB as Rec709 fails the patch limit (0.057458ms)
✔ explicit conversion preserves alpha and does not mutate original pixels (0.645541ms)
✔ fresh supervision regressions dispatch only data spies (163.133125ms)
✔ supplied resting and open hand contours fail the old clipped masks and survive repair (448.957416ms)
✔ cuff clears the old orphan hand outline; valid sleeve pixels no longer get cut by the diagonal matte (806.256833ms)
✔ hand and cuff share the corrected wave scale and wrist attachment; hand stays above the cuff (0.324416ms)
✔ the supplied warm dark hand outline survives instead of being mistaken for cuff fabric (396.879041ms)
✔ the old hard backing tail is replaced by exact cabin pixels while planted contact survives (769.930125ms)
✔ repair preserves historical counts, rejects raised caps and never admits image/media operations (1056.995042ms)
✔ reserved outputs are exclusive, confined and still consumed after reopening (691.696709ms)
✔ fixed artwork is exact while every moving-channel value is preserved (1.425417ms)
✔ motion outside the existing support mask cannot be hidden by composition (1.0375ms)
✔ motion inside the support mask remains visible (0.155833ms)
✔ different dimensions and incomplete pixel data are rejected (0.171125ms)
✔ transparent source or fixed-artwork pixels are rejected (0.213209ms)
✔ empty and full replacement masks cannot erase the fixed/moving boundary (0.289041ms)
✔ actual measured mismatch exceeds the unchanged pixel limit until fixed artwork is restored (1.01325ms)
✔ endpoint normalization preserves RGB, intermediate edge alpha, dimensions and input (1.144709ms)
✔ translucent fabric fails; endpoint derivative passes without permitting opaque RGB edits (97.730167ms)
✔ PNG CRC implementation matches the standard check vector (0.714ms)
✔ metadata correction preserves every compressed image byte and raw code value (4.273208ms)
✔ old sRGB transport and contradictory colour declarations fail (1.212791ms)
✔ damaged, truncated and trailing PNG bytes are rejected (0.446125ms)
✔ installed filter regression and supervision run without native media tools (135.768125ms)
✔ standalone wave controls, invalid inputs and data-only process limits pass their nine checks (67.401417ms)
✔ all 150 reopened frames retain complete joint regions, sleeve corridors, UVs and neutral return (177.008292ms)
✔ actual initial cuff seam fails the unchanged full attachment test (5.035708ms)
✔ moving cuff away from forearm is rejected even when its wrist-entry pixels remain intact (0.316875ms)
✔ clipping a sleeve cross-section fails rather than passing pivot-centre witnesses (1.080334ms)
✔ flipped mesh and moving UVs fail (7.460416ms)
✔ an altered neutral return cannot pass unchanged geometric checks (68.938708ms)
✔ validated source is copied byte-for-byte without altering the original (2.782ms)
✔ a changed source fails before creating a destination (1.647958ms)
✔ existing output and a source symlink cannot be silently accepted (1.132208ms)
✔ the prepared six-minute budget reserves more time for conversion and schedules no recomposition (1.081083ms)
✔ static articulated poses keep identical limb lengths, shoulder and scale (1.430958ms)
✔ unsupported articulation and extra hand states reject rather than extrapolate (0.488ms)
✔ admitted colour cleanup removes pink donor contamination but preserves emerald and leopard RGB (0.779583ms)
✔ static admission rejects holes, protected-pixel drift, stretched limbs and fabricated approval (7.132667ms)
✔ readiness cannot become approval or point to unbound or stale records (0.848125ms)
✔ registered extraction anchors stay inside each explicit crop (0.089542ms)
✔ a one-pixel margin includes diagonals and nothing beyond its boundary (0.826125ms)
✔ support expansion clips only to the actual image dimensions (0.119583ms)
✔ unproposed larger margins and malformed masks are rejected (0.957ms)
✔ observed antialias edge is retained, while the original mask still rejects it (1.028584ms)
✔ new out-of-support movement still fails rather than being painted over (0.144875ms)
✔ real failed sRGB media and previous encode packet are rejected by corrected guards (166.599583ms)
✔ metadata repair retains the proven numeric transfer conversion (0.922583ms)
✔ the full authored hand/wrist/cuff bridge survives; a slit missed by joint-centre checks is rejected (51.135958ms)
✔ generated green fabric is behind the existing sleeve, while wrist and cuff are drawn exactly once (36.438208ms)
✔ transparent input margins are real alpha; supplied generated files remain hash-bound (59.138542ms)
✔ only faint generated edge pixels can be confined; meaningful out-of-support art fails (0.582166ms)
✔ the full cuff boundary has sleeve support in all four poses, including the real v2 gap witnesses (1223.384417ms)
✔ the exported front and overlap PNGs retain their registered canvas and source coverage (101.897042ms)
ℹ tests 97
ℹ suites 0
ℹ pass 97
ℹ fail 0
ℹ cancelled 0
ℹ skipped 0
ℹ todo 0
ℹ duration_ms 4397.379042
