✔ supplied pose sequence replaces without ghosting or neutral-silhouette clipping and returns exactly (487.335708ms)
✔ pose sequences reject missing neutral return, invalid timing, misregistration, rejection and ambiguous controls (1.309209ms)
✔ pose sequence frame output still verifies every source pin before claiming output (6.445583ms)
✔ rejects unsafe range endpoints and invocations above the 300-frame bound (0.380958ms)
✔ renders actual importer descriptors at exact unit and nonunit placements for every component (14.585958ms)
✔ renders real importer scenery-only static and moving environments without stretching or dummy controls (8.899208ms)
✔ uses absolute section state across a split join and reaps only cancelled chunk outputs (270.130334ms)
✔ renders imported transparent three-plane pixels with opaque backing and fixed foreground (4.580875ms)
✔ derives exact far-to-near pixels independent of plane order and keeps the near feature faster (2.191125ms)
✔ preserves absolute blink, breathing, head, steam, and foreground pixels across a scenery-section activation (8.369916ms)
✔ rejects mismatched supplied section overlap before claiming output (3.300666ms)
✔ rejects every selected rejected scenery dependency before creating output (1.056375ms)
✔ uses actual importer mask representations for exact head selection and alpha occlusion coverage (8.701708ms)
✔ effect-only static source preserves the finished composition and recorded foreground occlusion (1.997459ms)
✔ steam follows its transformed subject source while the production foreground remains on top (10.128125ms)
✔ bounded PNG rendering yields between frames without changing pixels or absolute time (20.836167ms)
✔ asynchronous cancellation stops before the next PNG and removes only owned output (4.684541ms)
✔ cancellation on the last frame yield wins before receipt publication (4.017958ms)
✔ VG2 breathing control has independently neutral endpoints, interior motion and bounded absolute travel (234.68425ms)
✔ rejects duplicate subject controls and keeps every admitted state inside declared bounds (3.4635ms)
✔ rejects malformed production descriptors and unsupported face controls (0.783042ms)
✔ rejects matching-digest artifact links and linked roots before creating output (3.902667ms)
✔ transparent depth overlays never establish opaque trajectory coverage (2.627084ms)
✔ admits full-length 30 fps camera trajectories without constructing frame batches (29.710792ms)
✔ rejects malformed supplied camera integers and unsafe trajectory arithmetic (0.345083ms)
✔ rejects late full-trajectory gaps, shutter-boundary gaps, and incompatible resume receipts (7.106834ms)
✔ admits real importer source sections with absolute world placement and deterministic handoff state (1.584292ms)
✔ derives canonical far-to-near order and faster near travel independent of request order (0.223209ms)
✔ requires and verifies complete receipt state at a source-section boundary (3.816667ms)
✔ admits scenery-only static chunks but rejects uncovered moving ranges (0.459542ms)
✔ rejected scenery dependencies fail pure admission for every authoritative component kind (0.276083ms)
ℹ tests 31
ℹ suites 0
ℹ pass 31
ℹ fail 0
ℹ cancelled 0
ℹ skipped 0
ℹ todo 0
ℹ duration_ms 1235.640959
