✔ inherited receipts, bytes and four spent slots survive relocation; incomplete is read-only (89.53325ms)
✔ changed source/predecessor pins and missing or altered inherited records fail closed (8.571709ms)
✔ one writer, immutable reservations before output and no refund on reopen (210.068125ms)
✔ derivative and static limits count historical reservations even after writer restart (519.998708ms)
✔ aliases, collisions and occupied files cannot be published or silently counted (291.664ms)
✔ case-variant output cannot impersonate an exact-path reservation (132.062541ms)
✔ changed donor and protected-pixel edits reject exact RGBA witnesses (2.260125ms)
✔ interrupted lock and pending write block new spending (185.436375ms)
✔ actual inherited fixed pixels and alpha remain exactly pinned (234.076834ms)
✔ retained cropped-head derivative is rejected; face/chin and cheek boundary are protected (98.952666ms)
✔ supplied pose sequence replaces without ghosting or neutral-silhouette clipping and returns exactly (591.338542ms)
✔ pose sequences reject missing neutral return, invalid timing, misregistration, rejection and ambiguous controls (1.755458ms)
✔ pose sequence frame output still verifies every source pin before claiming output (14.216541ms)
✔ rejects unsafe range endpoints and invocations above the 300-frame bound (0.709542ms)
✔ renders actual importer descriptors at exact unit and nonunit placements for every component (29.485834ms)
✔ renders real importer scenery-only static and moving environments without stretching or dummy controls (11.984375ms)
✔ uses absolute section state across a split join and reaps only cancelled chunk outputs (425.727666ms)
✔ renders imported transparent three-plane pixels with opaque backing and fixed foreground (6.8525ms)
✔ derives exact far-to-near pixels independent of plane order and keeps the near feature faster (3.839042ms)
✔ preserves absolute blink, breathing, head, steam, and foreground pixels across a scenery-section activation (12.502208ms)
✔ rejects mismatched supplied section overlap before claiming output (5.303792ms)
✔ rejects every selected rejected scenery dependency before creating output (1.350208ms)
✔ uses actual importer mask representations for exact head selection and alpha occlusion coverage (12.764875ms)
✔ effect-only static source preserves the finished composition and recorded foreground occlusion (3.049459ms)
✔ steam follows its transformed subject source while the production foreground remains on top (14.083625ms)
✔ bounded PNG rendering yields between frames without changing pixels or absolute time (22.871458ms)
✔ asynchronous cancellation stops before the next PNG and removes only owned output (7.049833ms)
✔ cancellation on the last frame yield wins before receipt publication (10.01825ms)
✔ VG2 breathing control has independently neutral endpoints, interior motion and bounded absolute travel (300.841167ms)
✔ rejects duplicate subject controls and keeps every admitted state inside declared bounds (3.867417ms)
✔ rejects malformed production descriptors and unsupported face controls (0.980666ms)
✔ rejects matching-digest artifact links and linked roots before creating output (5.138459ms)
✔ transparent depth overlays never establish opaque trajectory coverage (3.547333ms)
✔ admits full-length 30 fps camera trajectories without constructing frame batches (38.521667ms)
✔ rejects malformed supplied camera integers and unsafe trajectory arithmetic (0.626458ms)
✔ rejects late full-trajectory gaps, shutter-boundary gaps, and incompatible resume receipts (9.771375ms)
✔ admits real importer source sections with absolute world placement and deterministic handoff state (2.320083ms)
✔ derives canonical far-to-near order and faster near travel independent of request order (0.332625ms)
✔ requires and verifies complete receipt state at a source-section boundary (5.456209ms)
✔ admits scenery-only static chunks but rejects uncovered moving ranges (0.701333ms)
✔ rejected scenery dependencies fail pure admission for every authoritative component kind (0.392ms)
✔ supplied resting and open hand contours fail the old clipped masks and survive repair (482.606375ms)
✔ cuff clears the old orphan hand outline; valid sleeve pixels no longer get cut by the diagonal matte (908.282416ms)
✔ hand and cuff share the corrected wave scale and wrist attachment; hand stays above the cuff (0.41625ms)
✔ the supplied warm dark hand outline survives instead of being mistaken for cuff fabric (445.341459ms)
✔ the old hard backing tail is replaced by exact cabin pixels while planted contact survives (801.357708ms)
✔ repair preserves historical counts, rejects raised caps and never admits image/media operations (1090.892875ms)
✔ reserved outputs are exclusive, confined and still consumed after reopening (719.285292ms)
✔ endpoint normalization preserves RGB, intermediate edge alpha, dimensions and input (1.0635ms)
✔ translucent fabric fails; endpoint derivative passes without permitting opaque RGB edits (88.849208ms)
✔ static articulated poses keep identical limb lengths, shoulder and scale (1.199791ms)
✔ unsupported articulation and extra hand states reject rather than extrapolate (0.40225ms)
✔ admitted colour cleanup removes pink donor contamination but preserves emerald and leopard RGB (0.655166ms)
✔ static admission rejects holes, protected-pixel drift, stretched limbs and fabricated approval (6.576667ms)
✔ readiness cannot become approval or point to unbound or stale records (1.076334ms)
✔ registered extraction anchors stay inside each explicit crop (0.105208ms)
✔ the full authored hand/wrist/cuff bridge survives; a slit missed by joint-centre checks is rejected (48.559417ms)
✔ generated green fabric is behind the existing sleeve, while wrist and cuff are drawn exactly once (34.917708ms)
✔ transparent input margins are real alpha; supplied generated files remain hash-bound (56.733834ms)
✔ only faint generated edge pixels can be confined; meaningful out-of-support art fails (0.672166ms)
✔ the full cuff boundary has sleeve support in all four poses, including the real v2 gap witnesses (1368.513208ms)
✔ the exported front and overlap PNGs retain their registered canvas and source coverage (111.193708ms)
ℹ tests 62
ℹ suites 0
ℹ pass 62
ℹ fail 0
ℹ cancelled 0
ℹ skipped 0
ℹ todo 0
ℹ duration_ms 4669.373208
