✔ inherited receipts, bytes and four spent slots survive relocation; incomplete is read-only (100.412ms)
✔ changed source/predecessor pins and missing or altered inherited records fail closed (11.65775ms)
✔ one writer, immutable reservations before output and no refund on reopen (219.736708ms)
✔ derivative and static limits count historical reservations even after writer restart (477.973208ms)
✔ aliases, collisions and occupied files cannot be published or silently counted (290.1365ms)
✔ case-variant output cannot impersonate an exact-path reservation (131.838666ms)
✔ changed donor and protected-pixel edits reject exact RGBA witnesses (0.549917ms)
✔ interrupted lock and pending write block new spending (173.320209ms)
✔ actual inherited fixed pixels and alpha remain exactly pinned (233.408459ms)
✔ retained cropped-head derivative is rejected; face/chin and cheek boundary are protected (99.69775ms)
✔ supplied pose sequence replaces without ghosting or neutral-silhouette clipping and returns exactly (619.031708ms)
✔ pose sequences reject missing neutral return, invalid timing, misregistration, rejection and ambiguous controls (1.61025ms)
✔ pose sequence frame output still verifies every source pin before claiming output (13.927125ms)
✔ rejects unsafe range endpoints and invocations above the 300-frame bound (0.466792ms)
✔ renders actual importer descriptors at exact unit and nonunit placements for every component (24.800333ms)
✔ renders real importer scenery-only static and moving environments without stretching or dummy controls (13.765292ms)
✔ uses absolute section state across a split join and reaps only cancelled chunk outputs (447.654875ms)
✔ renders imported transparent three-plane pixels with opaque backing and fixed foreground (6.508208ms)
✔ derives exact far-to-near pixels independent of plane order and keeps the near feature faster (3.410417ms)
✔ preserves absolute blink, breathing, head, steam, and foreground pixels across a scenery-section activation (11.163625ms)
✔ rejects mismatched supplied section overlap before claiming output (4.78875ms)
✔ rejects every selected rejected scenery dependency before creating output (4.2245ms)
✔ uses actual importer mask representations for exact head selection and alpha occlusion coverage (10.988458ms)
✔ effect-only static source preserves the finished composition and recorded foreground occlusion (2.850375ms)
✔ steam follows its transformed subject source while the production foreground remains on top (13.449917ms)
✔ bounded PNG rendering yields between frames without changing pixels or absolute time (22.35125ms)
✔ asynchronous cancellation stops before the next PNG and removes only owned output (7.601333ms)
✔ cancellation on the last frame yield wins before receipt publication (5.971292ms)
✔ VG2 breathing control has independently neutral endpoints, interior motion and bounded absolute travel (283.408875ms)
✔ rejects duplicate subject controls and keeps every admitted state inside declared bounds (6.658ms)
✔ rejects malformed production descriptors and unsupported face controls (1.1575ms)
✔ rejects matching-digest artifact links and linked roots before creating output (5.304959ms)
✔ transparent depth overlays never establish opaque trajectory coverage (3.80525ms)
✔ admits full-length 30 fps camera trajectories without constructing frame batches (43.350208ms)
✔ rejects malformed supplied camera integers and unsafe trajectory arithmetic (0.703292ms)
✔ rejects late full-trajectory gaps, shutter-boundary gaps, and incompatible resume receipts (10.555292ms)
✔ admits real importer source sections with absolute world placement and deterministic handoff state (2.967667ms)
✔ derives canonical far-to-near order and faster near travel independent of request order (0.438167ms)
✔ requires and verifies complete receipt state at a source-section boundary (6.2135ms)
✔ admits scenery-only static chunks but rejects uncovered moving ranges (0.830375ms)
✔ rejected scenery dependencies fail pure admission for every authoritative component kind (0.526625ms)
✔ sRGB and Rec709 published breakpoints and mid-grey differ (1.030875ms)
✔ all 8-bit values round-trip within the frozen transport quantization bound (0.14775ms)
✔ blindly tagging sRGB as Rec709 fails the patch limit (0.049417ms)
✔ explicit conversion preserves alpha and does not mutate original pixels (0.561708ms)
✔ fresh supervision regressions dispatch only data spies (170.546833ms)
✔ supplied resting and open hand contours fail the old clipped masks and survive repair (489.927625ms)
✔ cuff clears the old orphan hand outline; valid sleeve pixels no longer get cut by the diagonal matte (939.150167ms)
✔ hand and cuff share the corrected wave scale and wrist attachment; hand stays above the cuff (0.337875ms)
✔ the supplied warm dark hand outline survives instead of being mistaken for cuff fabric (442.156875ms)
✔ the old hard backing tail is replaced by exact cabin pixels while planted contact survives (794.729209ms)
✔ repair preserves historical counts, rejects raised caps and never admits image/media operations (1078.515709ms)
✔ reserved outputs are exclusive, confined and still consumed after reopening (701.482959ms)
✔ endpoint normalization preserves RGB, intermediate edge alpha, dimensions and input (1.56775ms)
✔ translucent fabric fails; endpoint derivative passes without permitting opaque RGB edits (98.385542ms)
✔ standalone wave controls, invalid inputs and data-only process limits pass their nine checks (76.084083ms)
✔ all 150 reopened frames retain complete joint regions, sleeve corridors, UVs and neutral return (197.361541ms)
✔ actual initial cuff seam fails the unchanged full attachment test (5.121ms)
✔ moving cuff away from forearm is rejected even when its wrist-entry pixels remain intact (0.260792ms)
✔ clipping a sleeve cross-section fails rather than passing pivot-centre witnesses (1.180375ms)
✔ flipped mesh and moving UVs fail (9.141666ms)
✔ an altered neutral return cannot pass unchanged geometric checks (77.397791ms)
✔ static articulated poses keep identical limb lengths, shoulder and scale (1.582584ms)
✔ unsupported articulation and extra hand states reject rather than extrapolate (0.466ms)
✔ admitted colour cleanup removes pink donor contamination but preserves emerald and leopard RGB (0.987792ms)
✔ static admission rejects holes, protected-pixel drift, stretched limbs and fabricated approval (5.989958ms)
✔ readiness cannot become approval or point to unbound or stale records (0.815958ms)
✔ registered extraction anchors stay inside each explicit crop (0.086333ms)
✔ real failed sRGB media and previous encode packet are rejected by corrected guards (174.66275ms)
✔ metadata repair retains the proven numeric transfer conversion (0.8145ms)
✔ the full authored hand/wrist/cuff bridge survives; a slit missed by joint-centre checks is rejected (51.82775ms)
✔ generated green fabric is behind the existing sleeve, while wrist and cuff are drawn exactly once (39.97975ms)
✔ transparent input margins are real alpha; supplied generated files remain hash-bound (70.073167ms)
✔ only faint generated edge pixels can be confined; meaningful out-of-support art fails (0.682542ms)
✔ the full cuff boundary has sleeve support in all four poses, including the real v2 gap witnesses (1396.173333ms)
✔ the exported front and overlap PNGs retain their registered canvas and source coverage (114.616875ms)
ℹ tests 76
ℹ suites 0
ℹ pass 76
ℹ fail 0
ℹ cancelled 0
ℹ skipped 0
ℹ todo 0
ℹ duration_ms 4709.475542
