✔ inherited receipts, bytes and four spent slots survive relocation; incomplete is read-only (92.156875ms)
✔ changed source/predecessor pins and missing or altered inherited records fail closed (10.294875ms)
✔ one writer, immutable reservations before output and no refund on reopen (201.235042ms)
✔ derivative and static limits count historical reservations even after writer restart (413.49675ms)
✔ aliases, collisions and occupied files cannot be published or silently counted (251.63125ms)
✔ case-variant output cannot impersonate an exact-path reservation (109.157542ms)
✔ changed donor and protected-pixel edits reject exact RGBA witnesses (0.552792ms)
✔ interrupted lock and pending write block new spending (158.533375ms)
✔ actual inherited fixed pixels and alpha remain exactly pinned (201.269917ms)
✔ retained cropped-head derivative is rejected; face/chin and cheek boundary are protected (91.44125ms)
✔ supplied pose sequence replaces without ghosting or neutral-silhouette clipping and returns exactly (545.257375ms)
✔ pose sequences reject missing neutral return, invalid timing, misregistration, rejection and ambiguous controls (1.304416ms)
✔ pose sequence frame output still verifies every source pin before claiming output (9.109ms)
✔ rejects unsafe range endpoints and invocations above the 300-frame bound (0.446125ms)
✔ renders actual importer descriptors at exact unit and nonunit placements for every component (19.149708ms)
✔ renders real importer scenery-only static and moving environments without stretching or dummy controls (8.101375ms)
✔ uses absolute section state across a split join and reaps only cancelled chunk outputs (316.208ms)
✔ renders imported transparent three-plane pixels with opaque backing and fixed foreground (5.827208ms)
✔ derives exact far-to-near pixels independent of plane order and keeps the near feature faster (2.924166ms)
✔ preserves absolute blink, breathing, head, steam, and foreground pixels across a scenery-section activation (9.123333ms)
✔ rejects mismatched supplied section overlap before claiming output (4.014583ms)
✔ rejects every selected rejected scenery dependency before creating output (1.394167ms)
✔ uses actual importer mask representations for exact head selection and alpha occlusion coverage (10.157583ms)
✔ effect-only static source preserves the finished composition and recorded foreground occlusion (2.316416ms)
✔ steam follows its transformed subject source while the production foreground remains on top (11.381792ms)
✔ bounded PNG rendering yields between frames without changing pixels or absolute time (18.442833ms)
✔ asynchronous cancellation stops before the next PNG and removes only owned output (5.514291ms)
✔ cancellation on the last frame yield wins before receipt publication (4.965334ms)
✔ VG2 breathing control has independently neutral endpoints, interior motion and bounded absolute travel (249.135ms)
✔ rejects duplicate subject controls and keeps every admitted state inside declared bounds (4.306666ms)
✔ rejects malformed production descriptors and unsupported face controls (0.853667ms)
✔ rejects matching-digest artifact links and linked roots before creating output (4.941875ms)
✔ transparent depth overlays never establish opaque trajectory coverage (3.269709ms)
✔ admits full-length 30 fps camera trajectories without constructing frame batches (41.621584ms)
✔ rejects malformed supplied camera integers and unsafe trajectory arithmetic (0.463416ms)
✔ rejects late full-trajectory gaps, shutter-boundary gaps, and incompatible resume receipts (9.373708ms)
✔ admits real importer source sections with absolute world placement and deterministic handoff state (2.509917ms)
✔ derives canonical far-to-near order and faster near travel independent of request order (0.356625ms)
✔ requires and verifies complete receipt state at a source-section boundary (6.737834ms)
✔ admits scenery-only static chunks but rejects uncovered moving ranges (0.769625ms)
✔ rejected scenery dependencies fail pure admission for every authoritative component kind (0.400625ms)
✔ sRGB and Rec709 published breakpoints and mid-grey differ (0.701458ms)
✔ all 8-bit values round-trip within the frozen transport quantization bound (0.135458ms)
✔ blindly tagging sRGB as Rec709 fails the patch limit (0.055542ms)
✔ explicit conversion preserves alpha and does not mutate original pixels (0.628334ms)
✔ fresh supervision regressions dispatch only data spies (170.936709ms)
✔ supplied resting and open hand contours fail the old clipped masks and survive repair (452.504958ms)
✔ cuff clears the old orphan hand outline; valid sleeve pixels no longer get cut by the diagonal matte (800.162375ms)
✔ hand and cuff share the corrected wave scale and wrist attachment; hand stays above the cuff (0.326416ms)
✔ the supplied warm dark hand outline survives instead of being mistaken for cuff fabric (389.898334ms)
✔ the old hard backing tail is replaced by exact cabin pixels while planted contact survives (725.599459ms)
✔ repair preserves historical counts, rejects raised caps and never admits image/media operations (1001.046834ms)
✔ reserved outputs are exclusive, confined and still consumed after reopening (659.058958ms)
✔ fixed artwork is exact while every moving-channel value is preserved (1.619584ms)
✔ motion outside the existing support mask cannot be hidden by composition (1.151792ms)
✔ motion inside the support mask remains visible (0.184084ms)
✔ different dimensions and incomplete pixel data are rejected (0.333959ms)
✔ transparent source or fixed-artwork pixels are rejected (0.208292ms)
✔ empty and full replacement masks cannot erase the fixed/moving boundary (0.171667ms)
✔ actual measured mismatch exceeds the unchanged pixel limit until fixed artwork is restored (0.683125ms)
✔ endpoint normalization preserves RGB, intermediate edge alpha, dimensions and input (1.367791ms)
✔ translucent fabric fails; endpoint derivative passes without permitting opaque RGB edits (94.344083ms)
✔ PNG CRC implementation matches the standard check vector (0.613125ms)
✔ metadata correction preserves every compressed image byte and raw code value (4.32825ms)
✔ old sRGB transport and contradictory colour declarations fail (1.12825ms)
✔ damaged, truncated and trailing PNG bytes are rejected (0.260458ms)
✔ installed filter regression and supervision run without native media tools (140.327958ms)
✔ standalone wave controls, invalid inputs and data-only process limits pass their nine checks (76.166333ms)
✔ all 150 reopened frames retain complete joint regions, sleeve corridors, UVs and neutral return (178.438375ms)
✔ actual initial cuff seam fails the unchanged full attachment test (4.778666ms)
✔ moving cuff away from forearm is rejected even when its wrist-entry pixels remain intact (0.3025ms)
✔ clipping a sleeve cross-section fails rather than passing pivot-centre witnesses (1.2825ms)
✔ flipped mesh and moving UVs fail (7.199ms)
✔ an altered neutral return cannot pass unchanged geometric checks (70.703542ms)
✔ static articulated poses keep identical limb lengths, shoulder and scale (1.428459ms)
✔ unsupported articulation and extra hand states reject rather than extrapolate (0.701417ms)
✔ admitted colour cleanup removes pink donor contamination but preserves emerald and leopard RGB (0.750666ms)
✔ static admission rejects holes, protected-pixel drift, stretched limbs and fabricated approval (5.363958ms)
✔ readiness cannot become approval or point to unbound or stale records (0.840583ms)
✔ registered extraction anchors stay inside each explicit crop (0.083875ms)
✔ a one-pixel margin includes diagonals and nothing beyond its boundary (0.787208ms)
✔ support expansion clips only to the actual image dimensions (0.132417ms)
✔ unproposed larger margins and malformed masks are rejected (1.090042ms)
✔ observed antialias edge is retained, while the original mask still rejects it (1.196833ms)
✔ new out-of-support movement still fails rather than being painted over (0.167ms)
✔ real failed sRGB media and previous encode packet are rejected by corrected guards (173.037958ms)
✔ metadata repair retains the proven numeric transfer conversion (0.649917ms)
✔ the full authored hand/wrist/cuff bridge survives; a slit missed by joint-centre checks is rejected (50.309875ms)
✔ generated green fabric is behind the existing sleeve, while wrist and cuff are drawn exactly once (36.146791ms)
✔ transparent input margins are real alpha; supplied generated files remain hash-bound (61.178542ms)
✔ only faint generated edge pixels can be confined; meaningful out-of-support art fails (0.811125ms)
✔ the full cuff boundary has sleeve support in all four poses, including the real v2 gap witnesses (1223.03625ms)
✔ the exported front and overlap PNGs retain their registered canvas and source coverage (101.373625ms)
ℹ tests 93
ℹ suites 0
ℹ pass 93
ℹ fail 0
ℹ cancelled 0
ℹ skipped 0
ℹ todo 0
ℹ duration_ms 4261.065709
