✔ inherited receipts, bytes and four spent slots survive relocation; incomplete is read-only (77.827958ms)
✔ changed source/predecessor pins and missing or altered inherited records fail closed (8.5605ms)
✔ one writer, immutable reservations before output and no refund on reopen (192.639875ms)
✔ derivative and static limits count historical reservations even after writer restart (432.810916ms)
✔ aliases, collisions and occupied files cannot be published or silently counted (257.815333ms)
✔ case-variant output cannot impersonate an exact-path reservation (113.415084ms)
✔ changed donor and protected-pixel edits reject exact RGBA witnesses (0.688459ms)
✔ interrupted lock and pending write block new spending (155.648917ms)
✔ actual inherited fixed pixels and alpha remain exactly pinned (177.791916ms)
✔ retained cropped-head derivative is rejected; face/chin and cheek boundary are protected (95.791167ms)
✔ supplied pose sequence replaces without ghosting or neutral-silhouette clipping and returns exactly (532.172042ms)
✔ pose sequences reject missing neutral return, invalid timing, misregistration, rejection and ambiguous controls (1.273625ms)
✔ pose sequence frame output still verifies every source pin before claiming output (12.854209ms)
✔ rejects unsafe range endpoints and invocations above the 300-frame bound (2.120625ms)
✔ renders actual importer descriptors at exact unit and nonunit placements for every component (21.776125ms)
✔ renders real importer scenery-only static and moving environments without stretching or dummy controls (10.818125ms)
✔ uses absolute section state across a split join and reaps only cancelled chunk outputs (319.178ms)
✔ renders imported transparent three-plane pixels with opaque backing and fixed foreground (5.947375ms)
✔ derives exact far-to-near pixels independent of plane order and keeps the near feature faster (2.740167ms)
✔ preserves absolute blink, breathing, head, steam, and foreground pixels across a scenery-section activation (9.077708ms)
✔ rejects mismatched supplied section overlap before claiming output (3.977208ms)
✔ rejects every selected rejected scenery dependency before creating output (1.212667ms)
✔ uses actual importer mask representations for exact head selection and alpha occlusion coverage (10.0265ms)
✔ effect-only static source preserves the finished composition and recorded foreground occlusion (2.363458ms)
✔ steam follows its transformed subject source while the production foreground remains on top (11.504042ms)
✔ bounded PNG rendering yields between frames without changing pixels or absolute time (19.746375ms)
✔ asynchronous cancellation stops before the next PNG and removes only owned output (5.323666ms)
✔ cancellation on the last frame yield wins before receipt publication (4.68325ms)
✔ VG2 breathing control has independently neutral endpoints, interior motion and bounded absolute travel (250.081125ms)
✔ rejects duplicate subject controls and keeps every admitted state inside declared bounds (3.460958ms)
✔ rejects malformed production descriptors and unsupported face controls (0.7795ms)
✔ rejects matching-digest artifact links and linked roots before creating output (3.773042ms)
✔ transparent depth overlays never establish opaque trajectory coverage (3.782083ms)
✔ admits full-length 30 fps camera trajectories without constructing frame batches (34.248ms)
✔ rejects malformed supplied camera integers and unsafe trajectory arithmetic (0.468541ms)
✔ rejects late full-trajectory gaps, shutter-boundary gaps, and incompatible resume receipts (8.119125ms)
✔ admits real importer source sections with absolute world placement and deterministic handoff state (2.203167ms)
✔ derives canonical far-to-near order and faster near travel independent of request order (0.347583ms)
✔ requires and verifies complete receipt state at a source-section boundary (5.975583ms)
✔ admits scenery-only static chunks but rejects uncovered moving ranges (0.568916ms)
✔ rejected scenery dependencies fail pure admission for every authoritative component kind (0.313833ms)
✔ supplied resting and open hand contours fail the old clipped masks and survive repair (428.968041ms)
✔ cuff clears the old orphan hand outline; valid sleeve pixels no longer get cut by the diagonal matte (810.141833ms)
✔ hand and cuff share the corrected wave scale and wrist attachment; hand stays above the cuff (0.387ms)
✔ the supplied warm dark hand outline survives instead of being mistaken for cuff fabric (402.564958ms)
✔ the old hard backing tail is replaced by exact cabin pixels while planted contact survives (768.949458ms)
✔ repair preserves historical counts, rejects raised caps and never admits image/media operations (1056.3055ms)
✔ reserved outputs are exclusive, confined and still consumed after reopening (693.870125ms)
✔ endpoint normalization preserves RGB, intermediate edge alpha, dimensions and input (1.257666ms)
✔ translucent fabric fails; endpoint derivative passes without permitting opaque RGB edits (78.583125ms)
✔ static articulated poses keep identical limb lengths, shoulder and scale (1.507959ms)
✔ unsupported articulation and extra hand states reject rather than extrapolate (0.602292ms)
✔ admitted colour cleanup removes pink donor contamination but preserves emerald and leopard RGB (0.6195ms)
✔ static admission rejects holes, protected-pixel drift, stretched limbs and fabricated approval (5.7655ms)
✔ readiness cannot become approval or point to unbound or stale records (0.569583ms)
✔ registered extraction anchors stay inside each explicit crop (0.08425ms)
ℹ tests 56
ℹ suites 0
ℹ pass 56
ℹ fail 0
ℹ cancelled 0
ℹ skipped 0
ℹ todo 0
ℹ duration_ms 4338.714167
