✔ inherited receipts, bytes and four spent slots survive relocation; incomplete is read-only (95.866875ms)
✔ changed source/predecessor pins and missing or altered inherited records fail closed (19.977292ms)
✔ one writer, immutable reservations before output and no refund on reopen (218.698708ms)
✔ derivative and static limits count historical reservations even after writer restart (444.782ms)
✔ aliases, collisions and occupied files cannot be published or silently counted (273.826875ms)
✔ case-variant output cannot impersonate an exact-path reservation (121.061083ms)
✔ changed donor and protected-pixel edits reject exact RGBA witnesses (0.595209ms)
✔ interrupted lock and pending write block new spending (165.403958ms)
✔ actual inherited fixed pixels and alpha remain exactly pinned (218.649292ms)
✔ retained cropped-head derivative is rejected; face/chin and cheek boundary are protected (97.075459ms)
✔ supplied pose sequence replaces without ghosting or neutral-silhouette clipping and returns exactly (569.406042ms)
✔ pose sequences reject missing neutral return, invalid timing, misregistration, rejection and ambiguous controls (1.299208ms)
✔ pose sequence frame output still verifies every source pin before claiming output (13.257041ms)
✔ rejects unsafe range endpoints and invocations above the 300-frame bound (0.524875ms)
✔ renders actual importer descriptors at exact unit and nonunit placements for every component (23.265959ms)
✔ renders real importer scenery-only static and moving environments without stretching or dummy controls (11.456375ms)
✔ uses absolute section state across a split join and reaps only cancelled chunk outputs (422.673458ms)
✔ renders imported transparent three-plane pixels with opaque backing and fixed foreground (6.134291ms)
✔ derives exact far-to-near pixels independent of plane order and keeps the near feature faster (4.775875ms)
✔ preserves absolute blink, breathing, head, steam, and foreground pixels across a scenery-section activation (11.702291ms)
✔ rejects mismatched supplied section overlap before claiming output (6.37275ms)
✔ rejects every selected rejected scenery dependency before creating output (1.241291ms)
✔ uses actual importer mask representations for exact head selection and alpha occlusion coverage (10.837125ms)
✔ effect-only static source preserves the finished composition and recorded foreground occlusion (3.638958ms)
✔ steam follows its transformed subject source while the production foreground remains on top (13.939167ms)
✔ bounded PNG rendering yields between frames without changing pixels or absolute time (23.272459ms)
✔ asynchronous cancellation stops before the next PNG and removes only owned output (7.253666ms)
✔ cancellation on the last frame yield wins before receipt publication (7.16425ms)
✔ VG2 breathing control has independently neutral endpoints, interior motion and bounded absolute travel (270.968167ms)
✔ rejects duplicate subject controls and keeps every admitted state inside declared bounds (3.792791ms)
✔ rejects malformed production descriptors and unsupported face controls (0.732708ms)
✔ rejects matching-digest artifact links and linked roots before creating output (4.250834ms)
✔ transparent depth overlays never establish opaque trajectory coverage (3.682083ms)
✔ admits full-length 30 fps camera trajectories without constructing frame batches (42.713583ms)
✔ rejects malformed supplied camera integers and unsafe trajectory arithmetic (0.519417ms)
✔ rejects late full-trajectory gaps, shutter-boundary gaps, and incompatible resume receipts (10.200458ms)
✔ admits real importer source sections with absolute world placement and deterministic handoff state (2.3985ms)
✔ derives canonical far-to-near order and faster near travel independent of request order (0.377834ms)
✔ requires and verifies complete receipt state at a source-section boundary (6.189416ms)
✔ admits scenery-only static chunks but rejects uncovered moving ranges (0.885417ms)
✔ rejected scenery dependencies fail pure admission for every authoritative component kind (0.40625ms)
✔ sRGB and Rec709 published breakpoints and mid-grey differ (0.591917ms)
✔ all 8-bit values round-trip within the frozen transport quantization bound (0.110083ms)
✔ blindly tagging sRGB as Rec709 fails the patch limit (0.046ms)
✔ explicit conversion preserves alpha and does not mutate original pixels (0.546041ms)
✔ fresh supervision regressions dispatch only data spies (171.247958ms)
✔ supplied resting and open hand contours fail the old clipped masks and survive repair (471.8925ms)
✔ cuff clears the old orphan hand outline; valid sleeve pixels no longer get cut by the diagonal matte (846.789542ms)
✔ hand and cuff share the corrected wave scale and wrist attachment; hand stays above the cuff (0.371917ms)
✔ the supplied warm dark hand outline survives instead of being mistaken for cuff fabric (420.145458ms)
✔ the old hard backing tail is replaced by exact cabin pixels while planted contact survives (793.019667ms)
✔ repair preserves historical counts, rejects raised caps and never admits image/media operations (1108.899375ms)
✔ reserved outputs are exclusive, confined and still consumed after reopening (709.089292ms)
✔ endpoint normalization preserves RGB, intermediate edge alpha, dimensions and input (1.341958ms)
✔ translucent fabric fails; endpoint derivative passes without permitting opaque RGB edits (99.123375ms)
✔ standalone wave controls, invalid inputs and data-only process limits pass their nine checks (79.389542ms)
✔ all 150 reopened frames retain complete joint regions, sleeve corridors, UVs and neutral return (192.4985ms)
✔ actual initial cuff seam fails the unchanged full attachment test (5.200583ms)
✔ moving cuff away from forearm is rejected even when its wrist-entry pixels remain intact (0.26525ms)
✔ clipping a sleeve cross-section fails rather than passing pivot-centre witnesses (1.022833ms)
✔ flipped mesh and moving UVs fail (7.630667ms)
✔ an altered neutral return cannot pass unchanged geometric checks (69.470291ms)
✔ static articulated poses keep identical limb lengths, shoulder and scale (1.44625ms)
✔ unsupported articulation and extra hand states reject rather than extrapolate (0.415792ms)
✔ admitted colour cleanup removes pink donor contamination but preserves emerald and leopard RGB (0.721208ms)
✔ static admission rejects holes, protected-pixel drift, stretched limbs and fabricated approval (7.209542ms)
✔ readiness cannot become approval or point to unbound or stale records (1.28575ms)
✔ registered extraction anchors stay inside each explicit crop (0.146958ms)
✔ the full authored hand/wrist/cuff bridge survives; a slit missed by joint-centre checks is rejected (50.14275ms)
✔ generated green fabric is behind the existing sleeve, while wrist and cuff are drawn exactly once (40.037916ms)
✔ transparent input margins are real alpha; supplied generated files remain hash-bound (66.56625ms)
✔ only faint generated edge pixels can be confined; meaningful out-of-support art fails (0.642ms)
✔ the full cuff boundary has sleeve support in all four poses, including the real v2 gap witnesses (1288.775042ms)
✔ the exported front and overlap PNGs retain their registered canvas and source coverage (108.448833ms)
ℹ tests 74
ℹ suites 0
ℹ pass 74
ℹ fail 0
ℹ cancelled 0
ℹ skipped 0
ℹ todo 0
ℹ duration_ms 4806.372208
