✔ inherited receipts, bytes and four spent slots survive relocation; incomplete is read-only (87.267375ms)
✔ changed source/predecessor pins and missing or altered inherited records fail closed (11.651917ms)
✔ one writer, immutable reservations before output and no refund on reopen (204.451583ms)
✔ derivative and static limits count historical reservations even after writer restart (451.592042ms)
✔ aliases, collisions and occupied files cannot be published or silently counted (258.200375ms)
✔ case-variant output cannot impersonate an exact-path reservation (112.764542ms)
✔ changed donor and protected-pixel edits reject exact RGBA witnesses (0.546584ms)
✔ interrupted lock and pending write block new spending (152.990875ms)
✔ actual inherited fixed pixels and alpha remain exactly pinned (202.728583ms)
✔ retained cropped-head derivative is rejected; face/chin and cheek boundary are protected (92.231083ms)
✔ supplied pose sequence replaces without ghosting or neutral-silhouette clipping and returns exactly (569.423875ms)
✔ pose sequences reject missing neutral return, invalid timing, misregistration, rejection and ambiguous controls (1.35675ms)
✔ pose sequence frame output still verifies every source pin before claiming output (10.36775ms)
✔ rejects unsafe range endpoints and invocations above the 300-frame bound (0.388875ms)
✔ renders actual importer descriptors at exact unit and nonunit placements for every component (17.994292ms)
✔ renders real importer scenery-only static and moving environments without stretching or dummy controls (9.589458ms)
✔ uses absolute section state across a split join and reaps only cancelled chunk outputs (337.606375ms)
✔ renders imported transparent three-plane pixels with opaque backing and fixed foreground (5.045958ms)
✔ derives exact far-to-near pixels independent of plane order and keeps the near feature faster (2.736083ms)
✔ preserves absolute blink, breathing, head, steam, and foreground pixels across a scenery-section activation (9.708ms)
✔ rejects mismatched supplied section overlap before claiming output (5.067542ms)
✔ rejects every selected rejected scenery dependency before creating output (1.531875ms)
✔ uses actual importer mask representations for exact head selection and alpha occlusion coverage (10.340125ms)
✔ effect-only static source preserves the finished composition and recorded foreground occlusion (2.3475ms)
✔ steam follows its transformed subject source while the production foreground remains on top (11.958167ms)
✔ bounded PNG rendering yields between frames without changing pixels or absolute time (19.255875ms)
✔ asynchronous cancellation stops before the next PNG and removes only owned output (5.391084ms)
✔ cancellation on the last frame yield wins before receipt publication (4.934ms)
✔ VG2 breathing control has independently neutral endpoints, interior motion and bounded absolute travel (248.34475ms)
✔ rejects duplicate subject controls and keeps every admitted state inside declared bounds (4.168958ms)
✔ rejects malformed production descriptors and unsupported face controls (0.863417ms)
✔ rejects matching-digest artifact links and linked roots before creating output (5.422125ms)
✔ transparent depth overlays never establish opaque trajectory coverage (3.817583ms)
✔ admits full-length 30 fps camera trajectories without constructing frame batches (40.132666ms)
✔ rejects malformed supplied camera integers and unsafe trajectory arithmetic (0.382625ms)
✔ rejects late full-trajectory gaps, shutter-boundary gaps, and incompatible resume receipts (9.42875ms)
✔ admits real importer source sections with absolute world placement and deterministic handoff state (2.597917ms)
✔ derives canonical far-to-near order and faster near travel independent of request order (0.337041ms)
✔ requires and verifies complete receipt state at a source-section boundary (5.91325ms)
✔ admits scenery-only static chunks but rejects uncovered moving ranges (0.76375ms)
✔ rejected scenery dependencies fail pure admission for every authoritative component kind (0.52225ms)
✔ supplied resting and open hand contours fail the old clipped masks and survive repair (460.62975ms)
✔ cuff clears the old orphan hand outline; valid sleeve pixels no longer get cut by the diagonal matte (820.922084ms)
✔ hand and cuff share the corrected wave scale and wrist attachment; hand stays above the cuff (0.30225ms)
✔ the supplied warm dark hand outline survives instead of being mistaken for cuff fabric (401.335084ms)
✔ the old hard backing tail is replaced by exact cabin pixels while planted contact survives (776.342125ms)
✔ repair preserves historical counts, rejects raised caps and never admits image/media operations (1084.562833ms)
✔ reserved outputs are exclusive, confined and still consumed after reopening (722.846958ms)
✔ endpoint normalization preserves RGB, intermediate edge alpha, dimensions and input (1.287792ms)
✔ translucent fabric fails; endpoint derivative passes without permitting opaque RGB edits (98.582625ms)
✔ standalone wave controls, invalid inputs and data-only process limits pass their nine checks (72.203584ms)
✔ all 150 reopened frames retain complete joint regions, sleeve corridors, UVs and neutral return (182.222041ms)
✔ actual initial cuff seam fails the unchanged full attachment test (4.19725ms)
✔ moving cuff away from forearm is rejected even when its wrist-entry pixels remain intact (0.271458ms)
✔ clipping a sleeve cross-section fails rather than passing pivot-centre witnesses (1.280375ms)
✔ flipped mesh and moving UVs fail (7.544167ms)
✔ an altered neutral return cannot pass unchanged geometric checks (72.77725ms)
✔ static articulated poses keep identical limb lengths, shoulder and scale (1.524208ms)
✔ unsupported articulation and extra hand states reject rather than extrapolate (0.527583ms)
✔ admitted colour cleanup removes pink donor contamination but preserves emerald and leopard RGB (0.569209ms)
✔ static admission rejects holes, protected-pixel drift, stretched limbs and fabricated approval (7.133083ms)
✔ readiness cannot become approval or point to unbound or stale records (0.825334ms)
✔ registered extraction anchors stay inside each explicit crop (0.186084ms)
✔ the full authored hand/wrist/cuff bridge survives; a slit missed by joint-centre checks is rejected (51.361417ms)
✔ generated green fabric is behind the existing sleeve, while wrist and cuff are drawn exactly once (38.44225ms)
✔ transparent input margins are real alpha; supplied generated files remain hash-bound (56.337041ms)
✔ only faint generated edge pixels can be confined; meaningful out-of-support art fails (0.659792ms)
✔ the full cuff boundary has sleeve support in all four poses, including the real v2 gap witnesses (1250.559333ms)
✔ the exported front and overlap PNGs retain their registered canvas and source coverage (100.776833ms)
ℹ tests 69
ℹ suites 0
ℹ pass 69
ℹ fail 0
ℹ cancelled 0
ℹ skipped 0
ℹ todo 0
ℹ duration_ms 4468.812584
