./gradlew --no-daemon --console=plain --init-script docs/pictures/video/evidence/VG4-05/scenery-20261002T100234Z/scripts/headless.init.gradle build
To honour the JVM settings for this build a single-use Daemon process will be forked. For more on this, please refer to https://docs.gradle.org/8.14.3/userguide/gradle_daemon.html#sec:disabling_the_daemon in the Gradle documentation.
Daemon will be stopped at the end of the build
> Task :checkKotlinGradlePluginConfigurationErrors SKIPPED
> Task :compileKotlin UP-TO-DATE
> Task :compileJava NO-SOURCE
> Task :processResources UP-TO-DATE
> Task :classes UP-TO-DATE
> Task :jar UP-TO-DATE
> Task :assemble UP-TO-DATE
> Task :compileTestKotlin UP-TO-DATE
> Task :compileTestJava NO-SOURCE
> Task :processTestResources UP-TO-DATE
> Task :testClasses UP-TO-DATE
> Task :test
> Task :check
> Task :build
> Task :desktopApp:checkKotlinGradlePluginConfigurationErrors SKIPPED
> Task :desktopApp:convertXmlValueResourcesForMain NO-SOURCE
> Task :desktopApp:copyNonXmlValueResourcesForMain NO-SOURCE
> Task :desktopApp:prepareComposeResourcesTaskForMain NO-SOURCE
> Task :desktopApp:generateResourceAccessorsForMain SKIPPED
> Task :desktopApp:generateActualResourceCollectorsForMain SKIPPED
> Task :desktopApp:generateComposeResClass SKIPPED
> Task :desktopApp:compileKotlin UP-TO-DATE
> Task :desktopApp:compileJava NO-SOURCE
> Task :desktopApp:assembleMainResources UP-TO-DATE
> Task :desktopApp:processResources UP-TO-DATE
> Task :desktopApp:classes UP-TO-DATE
> Task :desktopApp:jar UP-TO-DATE
> Task :desktopApp:assemble UP-TO-DATE
> Task :desktopApp:convertXmlValueResourcesForTest NO-SOURCE
> Task :desktopApp:copyNonXmlValueResourcesForTest NO-SOURCE
> Task :desktopApp:prepareComposeResourcesTaskForTest NO-SOURCE
> Task :desktopApp:generateResourceAccessorsForTest SKIPPED
> Task :desktopApp:compileTestKotlin UP-TO-DATE
> Task :desktopApp:compileTestJava NO-SOURCE
> Task :desktopApp:assembleTestResources UP-TO-DATE
> Task :desktopApp:processTestResources UP-TO-DATE
> Task :desktopApp:testClasses UP-TO-DATE
> Task :desktopApp:test UP-TO-DATE
> Task :desktopApp:check UP-TO-DATE
> Task :desktopApp:build UP-TO-DATE

BUILD SUCCESSFUL in 2m 42s
14 actionable tasks: 1 executed, 13 up-to-date
