:checkKotlinGradlePluginConfigurationErrors SKIPPED
:compileKotlin SKIPPED
:compileJava SKIPPED
:processResources SKIPPED
:classes SKIPPED
:jar SKIPPED
:assemble SKIPPED
:compileTestKotlin SKIPPED
:compileTestJava SKIPPED
:processTestResources SKIPPED
:testClasses SKIPPED
:test SKIPPED
:check SKIPPED
:build SKIPPED
:desktopApp:checkKotlinGradlePluginConfigurationErrors SKIPPED
:desktopApp:convertXmlValueResourcesForMain SKIPPED
:desktopApp:copyNonXmlValueResourcesForMain SKIPPED
:desktopApp:prepareComposeResourcesTaskForMain SKIPPED
:desktopApp:generateResourceAccessorsForMain SKIPPED
:desktopApp:generateActualResourceCollectorsForMain SKIPPED
:desktopApp:generateComposeResClass SKIPPED
:desktopApp:compileKotlin SKIPPED
:desktopApp:compileJava SKIPPED
:desktopApp:assembleMainResources SKIPPED
:desktopApp:processResources SKIPPED
:desktopApp:classes SKIPPED
:desktopApp:jar SKIPPED
:desktopApp:assemble SKIPPED
:desktopApp:convertXmlValueResourcesForTest SKIPPED
:desktopApp:copyNonXmlValueResourcesForTest SKIPPED
:desktopApp:prepareComposeResourcesTaskForTest SKIPPED
:desktopApp:generateResourceAccessorsForTest SKIPPED
:desktopApp:compileTestKotlin SKIPPED
:desktopApp:compileTestJava SKIPPED
:desktopApp:assembleTestResources SKIPPED
:desktopApp:processTestResources SKIPPED
:desktopApp:testClasses SKIPPED
:desktopApp:test SKIPPED
:desktopApp:check SKIPPED
:desktopApp:build SKIPPED

BUILD SUCCESSFUL in 388ms
