{
    "frames": [
        {
            "media_type": "video",
            "stream_index": 0,
            "key_frame": 1,
            "pts": 0,
            "pts_time": "0.000000",
            "pkt_dts": 0,
            "pkt_dts_time": "0.000000",
            "best_effort_timestamp": 0,
            "best_effort_timestamp_time": "0.000000",
            "duration": 512,
            "duration_time": "0.033333",
            "pkt_pos": "890",
            "pkt_size": "83953",
            "width": 640,
            "height": 360,
            "crop_top": 0,
            "crop_bottom": 0,
            "crop_left": 0,
            "crop_right": 0,
            "pix_fmt": "yuv420p",
            "sample_aspect_ratio": "1:1",
            "pict_type": "I",
            "interlaced_frame": 0,
            "top_field_first": 0,
            "lossless": 0,
            "repeat_pict": 0,
            "color_range": "tv",
            "color_space": "bt709",
            "color_primaries": "bt709",
            "color_transfer": "iec61966-2-1",
            "chroma_location": "left",
            "side_data_list": [
                {
                    "side_data_type": "H.26[45] User Data Unregistered SEI message"
                }
            ]
        },
        {
            "media_type": "video",
            "stream_index": 0,
            "key_frame": 0,
            "pts": 512,
            "pts_time": "0.033333",
            "pkt_dts": 512,
            "pkt_dts_time": "0.033333",
            "best_effort_timestamp": 512,
            "best_effort_timestamp_time": "0.033333",
            "duration": 512,
            "duration_time": "0.033333",
            "pkt_pos": "84843",
            "pkt_size": "21785",
            "width": 640,
            "height": 360,
            "crop_top": 0,
            "crop_bottom": 0,
            "crop_left": 0,
            "crop_right": 0,
            "pix_fmt": "yuv420p",
            "sample_aspect_ratio": "1:1",
            "pict_type": "P",
            "interlaced_frame": 0,
            "top_field_first": 0,
            "lossless": 0,
            "repeat_pict": 0,
            "color_range": "tv",
            "color_space": "bt709",
            "color_primaries": "bt709",
            "color_transfer": "iec61966-2-1",
            "chroma_location": "left"
        },
        {
            "media_type": "video",
            "stream_index": 0,
            "key_frame": 0,
            "pts": 1024,
            "pts_time": "0.066667",
            "pkt_dts": 1024,
            "pkt_dts_time": "0.066667",
            "best_effort_timestamp": 1024,
            "best_effort_timestamp_time": "0.066667",
            "duration": 512,
            "duration_time": "0.033333",
            "pkt_pos": "106628",
            "pkt_size": "11266",
            "width": 640,
            "height": 360,
            "crop_top": 0,
            "crop_bottom": 0,
            "crop_left": 0,
            "crop_right": 0,
            "pix_fmt": "yuv420p",
            "sample_aspect_ratio": "1:1",
            "pict_type": "P",
            "interlaced_frame": 0,
            "top_field_first": 0,
            "lossless": 0,
            "repeat_pict": 0,
            "color_range": "tv",
            "color_space": "bt709",
            "color_primaries": "bt709",
            "color_transfer": "iec61966-2-1",
            "chroma_location": "left"
        },
        {
            "media_type": "video",
            "stream_index": 0,
            "key_frame": 0,
            "pts": 1536,
            "pts_time": "0.100000",
            "pkt_dts": 1536,
            "pkt_dts_time": "0.100000",
            "best_effort_timestamp": 1536,
            "best_effort_timestamp_time": "0.100000",
            "duration": 512,
            "duration_time": "0.033333",
            "pkt_pos": "117894",
            "pkt_size": "10593",
            "width": 640,
            "height": 360,
            "crop_top": 0,
            "crop_bottom": 0,
            "crop_left": 0,
            "crop_right": 0,
            "pix_fmt": "yuv420p",
            "sample_aspect_ratio": "1:1",
            "pict_type": "P",
            "interlaced_frame": 0,
            "top_field_first": 0,
            "lossless": 0,
            "repeat_pict": 0,
            "color_range": "tv",
            "color_space": "bt709",
            "color_primaries": "bt709",
            "color_transfer": "iec61966-2-1",
            "chroma_location": "left"
        },
        {
            "media_type": "video",
            "stream_index": 0,
            "key_frame": 0,
            "pts": 2048,
            "pts_time": "0.133333",
            "pkt_dts": 2048,
            "pkt_dts_time": "0.133333",
            "best_effort_timestamp": 2048,
            "best_effort_timestamp_time": "0.133333",
            "duration": 512,
            "duration_time": "0.033333",
            "pkt_pos": "128487",
            "pkt_size": "9821",
            "width": 640,
            "height": 360,
            "crop_top": 0,
            "crop_bottom": 0,
            "crop_left": 0,
            "crop_right": 0,
            "pix_fmt": "yuv420p",
            "sample_aspect_ratio": "1:1",
            "pict_type": "P",
            "interlaced_frame": 0,
            "top_field_first": 0,
            "lossless": 0,
            "repeat_pict": 0,
            "color_range": "tv",
            "color_space": "bt709",
            "color_primaries": "bt709",
            "color_transfer": "iec61966-2-1",
            "chroma_location": "left"
        },
        {
            "media_type": "video",
            "stream_index": 0,
            "key_frame": 0,
            "pts": 2560,
            "pts_time": "0.166667",
            "pkt_dts": 2560,
            "pkt_dts_time": "0.166667",
            "best_effort_timestamp": 2560,
            "best_effort_timestamp_time": "0.166667",
            "duration": 512,
            "duration_time": "0.033333",
            "pkt_pos": "138308",
            "pkt_size": "8488",
            "width": 640,
            "height": 360,
            "crop_top": 0,
            "crop_bottom": 0,
            "crop_left": 0,
            "crop_right": 0,
            "pix_fmt": "yuv420p",
            "sample_aspect_ratio": "1:1",
            "pict_type": "P",
            "interlaced_frame": 0,
            "top_field_first": 0,
            "lossless": 0,
            "repeat_pict": 0,
            "color_range": "tv",
            "color_space": "bt709",
            "color_primaries": "bt709",
            "color_transfer": "iec61966-2-1",
            "chroma_location": "left"
        }
    ],
    "streams": [
        {
            "index": 0,
            "codec_name": "h264",
            "codec_long_name": "H.264 / AVC / MPEG-4 AVC / MPEG-4 part 10",
            "profile": "High",
            "codec_type": "video",
            "codec_tag_string": "avc1",
            "codec_tag": "0x31637661",
            "mime_codec_string": "avc1.64001e",
            "width": 640,
            "height": 360,
            "coded_width": 640,
            "coded_height": 368,
            "has_b_frames": 0,
            "sample_aspect_ratio": "1:1",
            "display_aspect_ratio": "16:9",
            "pix_fmt": "yuv420p",
            "level": 30,
            "color_range": "tv",
            "color_space": "bt709",
            "color_transfer": "iec61966-2-1",
            "color_primaries": "bt709",
            "chroma_location": "left",
            "field_order": "progressive",
            "refs": 1,
            "is_avc": "true",
            "nal_length_size": "4",
            "id": "0x1",
            "r_frame_rate": "30/1",
            "avg_frame_rate": "30/1",
            "time_base": "1/15360",
            "start_pts": 0,
            "start_time": "0.000000",
            "duration_ts": 3072,
            "duration": "0.200000",
            "bit_rate": "5836240",
            "bits_per_raw_sample": "8",
            "nb_frames": "6",
            "nb_read_frames": "6",
            "extradata_size": 35,
            "disposition": {
                "default": 1,
                "dub": 0,
                "original": 0,
                "comment": 0,
                "lyrics": 0,
                "karaoke": 0,
                "forced": 0,
                "hearing_impaired": 0,
                "visual_impaired": 0,
                "clean_effects": 0,
                "attached_pic": 0,
                "timed_thumbnails": 0,
                "non_diegetic": 0,
                "captions": 0,
                "descriptions": 0,
                "metadata": 0,
                "dependent": 0,
                "still_image": 0,
                "multilayer": 0
            },
            "tags": {
                "language": "und",
                "handler_name": "VideoHandler",
                "encoder": "Lavc63.1.101 h264_videotoolbox"
            }
        }
    ],
    "format": {
        "filename": "/Users/marcoandreose/DEV/lab/melotrail/docs/pictures/video/evidence/VG2-17/proof-20261002T011754Z/live/preview.mp4",
        "nb_streams": 1,
        "nb_programs": 0,
        "nb_stream_groups": 0,
        "format_name": "mov,mp4,m4a,3gp,3g2,mj2",
        "format_long_name": "QuickTime / MOV",
        "start_time": "0.000000",
        "duration": "0.200000",
        "size": "146796",
        "bit_rate": "5871840",
        "probe_score": 100,
        "tags": {
            "major_brand": "isom",
            "minor_version": "512",
            "compatible_brands": "isomiso2avc1mp41",
            "encoder": "Lavf63.1.101"
        }
    }
}
